Thread 1
Thread 2
Thread 1
Thread 3
Thread 2
Thread 1
Thread 3
Thread 2
Thread 1
Thread 3
Thread 2
Thread 1
Thread 3
Thread 2
Out of fuel!
